// Jest Snapshot v1, https://goo.gl/fbAQLP

exports[`now testing all of vue-win: emits a signup event when valid: teleport component 1`] = `
<div>
  <form><input></form>
</div>
`;

exports[`now testing all of vue-win: mock router/route用于组合式组件测试:将该router/route从组件的自定义属性传入 1`] = `
<button>click to Edit</button>
<router-link-stub to="/guoshi"></router-link-stub>
<router-view-stub></router-view-stub>
`;

exports[`now testing all of vue-win: test real router:将/guoshi组件的内容插入到Posts组件的<router-view/>里面: <1> 1`] = `
<h1>Posts</h1>
<ul>
  <li>testing vue router <a href="/niudun" class="">have a fun</a>
    <h5>this is guoshi content.</h5>
  </li>
  <li>let us go to bed <a href="/niudun" class="">have a fun</a>
    <h5>this is guoshi content.</h5>
  </li>
</ul>
`;

exports[`now testing all of vue-win: 与上类似,将Posts组件的内容,插入到 app1组件 的<router-view/>里面: <2> 1`] = `
<a href="/posts" class="">Go to posts</a>
<h5>this is guoshi content.</h5>
`;
